// Vitest Snapshot v1, https://vitest.dev/guide/snapshot.html

exports[`ErrorPage renderers correctly 1`] = `
<DocumentFragment>
  .emotion-0 {
  display: -webkit-box;
  display: -webkit-flex;
  display: -ms-flexbox;
  display: flex;
  width: 100%;
  -webkit-box-pack: center;
  -ms-flex-pack: center;
  -webkit-justify-content: center;
  justify-content: center;
}

.emotion-1 {
  position: relative;
}

.emotion-2 {
  position: absolute;
  right: 48px;
  top: -24px;
  z-index: 10;
}

.emotion-3 {
  width: 20px;
  height: 20px;
}

.emotion-4 {
  position: relative;
  display: -webkit-box;
  display: -webkit-flex;
  display: -ms-flexbox;
  display: flex;
  -webkit-flex-direction: column;
  -ms-flex-direction: column;
  flex-direction: column;
  -webkit-align-items: center;
  -webkit-box-align: center;
  -ms-flex-align: center;
  align-items: center;
  gap: 48px;
  color: #fff;
  z-index: 1;
  padding: 48px 48px 72px;
  background: #184673;
}

@media (min-width: 81.3125em) {
  .emotion-4 {
    padding: 48px 170px 72px;
  }
}

.emotion-4>* {
  max-width: 1100px;
}

.emotion-6 {
  font-weight: 700;
  font-family: 'Source Sans Pro',Helvetica,Arial,STKaiti,'华文楷体',KaiTi,SimKai,'楷体',KaiU,DFKai-SB,'標楷體',SongTi,'宋体',sans-serif;
  font-size: 22px;
  font-size: 1.2222222222222223rem;
  line-height: 30px;
  margin: 24px 0 24px 0;
}

.emotion-6:where([lang='zh'], .emotion-6[lang='zh-Hans'], [lang='zh-Hant']):not([data-pinyin]) {
  font-size: calc(22px * 1.11);
  font-size: calc(1.2222222222222223rem * 1.11);
}

.emotion-6[data-serif="true"] {
  font-family: 'Source Serif Pro',Times,STKaiti,'华文楷体',KaiTi,SimKai,'楷体',KaiU,DFKai-SB,'標楷體',SongTi,'宋体',serif;
}

.emotion-6[data-margin="none"] {
  margin: 0px;
}

.emotion-6[data-margin="xlarge"] {
  margin: 24px 0 12px 0;
}

@media (min-width: 37.5625em) {
  .emotion-6[data-margin="xlarge"] {
    margin-bottom: 24px;
  }
}

.emotion-6[data-margin="large"] {
  margin-top: 48px;
  margin-bottom: 12px;
}

.emotion-6[data-margin="small"] {
  margin-top: 24px;
  margin-bottom: 12px;
}

.emotion-6[data-style="h1"] {
  font-family: 'Source Serif Pro',Times,STKaiti,'华文楷体',KaiTi,SimKai,'楷体',KaiU,DFKai-SB,'標楷體',SongTi,'宋体',serif;
  font-size: 30px;
  font-size: 1.6666666666666667rem;
  line-height: 36px;
}

.emotion-6[data-style="h1"]:where([lang='zh'], .emotion-6[data-style="h1"][lang='zh-Hans'], [lang='zh-Hant']):not([data-pinyin]) {
  font-size: calc(30px * 1.11);
  font-size: calc(1.6666666666666667rem * 1.11);
}

@media (min-width: 37.5625em) {
  .emotion-6[data-style="h1"] {
    font-size: 48px;
    font-size: 2.6666666666666665rem;
    line-height: 60px;
    margin-bottom: 24px;
  }

  .emotion-6[data-style="h1"]:where([lang='zh'], .emotion-6[data-style="h1"][lang='zh-Hans'], [lang='zh-Hant']):not([data-pinyin]) {
    font-size: calc(48px * 1.11);
    font-size: calc(2.6666666666666665rem * 1.11);
  }
}

.emotion-6[data-style="h1-resource"] {
  font-size: 30px;
  font-size: 1.6666666666666667rem;
  line-height: 36px;
}

.emotion-6[data-style="h1-resource"]:where([lang='zh'], .emotion-6[data-style="h1-resource"][lang='zh-Hans'], [lang='zh-Hant']):not([data-pinyin]) {
  font-size: calc(30px * 1.11);
  font-size: calc(1.6666666666666667rem * 1.11);
}

@media (min-width: 37.5625em) {
  .emotion-6[data-style="h1-resource"] {
    font-size: 38px;
    font-size: 2.111111111111111rem;
    line-height: 48px;
  }

  .emotion-6[data-style="h1-resource"]:where([lang='zh'], .emotion-6[data-style="h1-resource"][lang='zh-Hans'], [lang='zh-Hant']):not([data-pinyin]) {
    font-size: calc(38px * 1.11);
    font-size: calc(2.111111111111111rem * 1.11);
  }
}

.emotion-6[data-style="h2"] {
  font-size: 28px;
  font-size: 1.5555555555555556rem;
  line-height: 36px;
}

.emotion-6[data-style="h2"]:where([lang='zh'], .emotion-6[data-style="h2"][lang='zh-Hans'], [lang='zh-Hant']):not([data-pinyin]) {
  font-size: calc(28px * 1.11);
  font-size: calc(1.5555555555555556rem * 1.11);
}

@media (min-width: 37.5625em) {
  .emotion-6[data-style="h2"] {
    font-size: 30px;
    font-size: 1.6666666666666667rem;
    line-height: 38px;
  }

  .emotion-6[data-style="h2"]:where([lang='zh'], .emotion-6[data-style="h2"][lang='zh-Hans'], [lang='zh-Hant']):not([data-pinyin]) {
    font-size: calc(30px * 1.11);
    font-size: calc(1.6666666666666667rem * 1.11);
  }
}

.emotion-6[data-style="h3"] {
  font-size: 26px;
  font-size: 1.4444444444444444rem;
  line-height: 35px;
}

.emotion-6[data-style="h3"]:where([lang='zh'], .emotion-6[data-style="h3"][lang='zh-Hans'], [lang='zh-Hant']):not([data-pinyin]) {
  font-size: calc(26px * 1.11);
  font-size: calc(1.4444444444444444rem * 1.11);
}

@media (min-width: 37.5625em) {
  .emotion-6[data-style="h3"] {
    font-size: 26px;
    font-size: 1.4444444444444444rem;
    line-height: 36px;
  }

  .emotion-6[data-style="h3"]:where([lang='zh'], .emotion-6[data-style="h3"][lang='zh-Hans'], [lang='zh-Hant']):not([data-pinyin]) {
    font-size: calc(26px * 1.11);
    font-size: calc(1.4444444444444444rem * 1.11);
  }
}

.emotion-6[data-style="h4"] {
  font-size: 22px;
  font-size: 1.2222222222222223rem;
  line-height: 30px;
}

.emotion-6[data-style="h4"]:where([lang='zh'], .emotion-6[data-style="h4"][lang='zh-Hans'], [lang='zh-Hant']):not([data-pinyin]) {
  font-size: calc(22px * 1.11);
  font-size: calc(1.2222222222222223rem * 1.11);
}

.emotion-6[data-style="list-title"] {
  font-size: 18px;
  font-size: 1rem;
  line-height: 24px;
  text-transform: uppercase;
}

.emotion-6[data-style="list-title"]:where([lang='zh'], .emotion-6[data-style="list-title"][lang='zh-Hans'], [lang='zh-Hant']):not([data-pinyin]) {
  font-size: calc(18px * 1.11);
  font-size: calc(1rem * 1.11);
}

.emotion-7 {
  width: 100%;
  display: -webkit-box;
  display: -webkit-flex;
  display: -ms-flexbox;
  display: flex;
  -webkit-flex-direction: column;
  -ms-flex-direction: column;
  flex-direction: column;
  gap: 24px;
}

@media (min-width: 48em) {
  .emotion-7 {
    display: grid;
    grid-template-columns: max-content max-content min-content;
    -webkit-box-pack: justify;
    -webkit-justify-content: space-between;
    justify-content: space-between;
    row-gap: 24px;
  }
}

.emotion-8 {
  display: -webkit-box;
  display: -webkit-flex;
  display: -ms-flexbox;
  display: flex;
  -webkit-flex-direction: column;
  -ms-flex-direction: column;
  flex-direction: column;
  gap: 6px;
}

.emotion-10 {
  list-style: none;
  margin: 0;
  padding: 0;
  display: -webkit-box;
  display: -webkit-flex;
  display: -ms-flexbox;
  display: flex;
  -webkit-flex-direction: column;
  -ms-flex-direction: column;
  flex-direction: column;
  gap: 6px;
}

.emotion-11 {
  display: -webkit-box;
  display: -webkit-flex;
  display: -ms-flexbox;
  display: flex;
  -webkit-align-items: center;
  -webkit-box-align: center;
  -ms-flex-align: center;
  align-items: center;
  gap: 6px;
  padding: 0px;
}

.emotion-11 svg {
  width: 20px;
  height: 20px;
}

.emotion-12 {
  color: white;
  box-shadow: none;
  -webkit-text-decoration: underline;
  text-decoration: underline;
  text-underline-offset: 5px;
}

.emotion-12:hover,
.emotion-12:focus,
.emotion-12:active {
  -webkit-text-decoration: none;
  text-decoration: none;
}

.emotion-21 {
  display: -webkit-box;
  display: -webkit-flex;
  display: -ms-flexbox;
  display: flex;
  -webkit-flex-direction: column;
  -ms-flex-direction: column;
  flex-direction: column;
  gap: 6px;
  justify-self: center;
}

.emotion-43 {
  grid-column: span 2;
}

@media (min-width: 48em) {
  .emotion-43 {
    -webkit-align-self: flex-end;
    -ms-flex-item-align: flex-end;
    align-self: flex-end;
  }
}

.emotion-44 {
  font-family: 'Source Sans Pro',Helvetica,Arial,STKaiti,'华文楷体',KaiTi,SimKai,'楷体',KaiU,DFKai-SB,'標楷體',SongTi,'宋体',sans-serif;
  font-weight: 400;
  font-size: 18px;
  font-size: 1rem;
  line-height: 24px;
  margin: 0px;
}

.emotion-44:where([lang='zh'], .emotion-44[lang='zh-Hans'], [lang='zh-Hant']):not([data-pinyin]) {
  font-size: calc(18px * 1.11);
  font-size: calc(1rem * 1.11);
}

.emotion-46 {
  z-index: 10;
}

<div
    class="min-h_100vh d_flex flex-d_column tablet:bg-c_#f8f8f8"
  >
    <div
      class="bg_surface.default bd-c_stroke.subtle bd-b_1px_solid z_banner [&[data-fixed=true]]:top_0 [&[data-fixed=true]]:pos_sticky [&[data-fixed=true]]:print:pos_relative"
      data-fixed="true"
      id="masthead"
    >
      <div
        class="d_flex jc_space-between ai_center py_small px_medium gap_xsmall ta_center tabletDown:p_small"
      >
        <div
          class="emotion-0"
        >
          <a
            aria-label="Nasjonal digital læringsarena"
            class=""
            data-unstyled=""
            href="/"
          >
            <svg
              class="c_primary"
              height="32"
              viewBox="0 0 1104 280"
              width="126"
              xmlns="http://www.w3.org/2000/svg"
            >
              <g
                fill="currentColor"
              >
                <rect
                  height="280"
                  width="52"
                />
                <polygon
                  points="97.15 39.5 52 66 191 279.77 191.12 280 260 280 260 0 207.73 0 207.73 209.54 97.15 39.5"
                />
                <path
                  d="M997.7,0h-51.51l-105.73,278.52-.46,1.48h52.87l22.45-64.2h112.33l22.45,64.2h53.9L997.7,0ZM1012.95,172.44h-82.25l41.01-105.17,41.24,105.17Z"
                />
                <polygon
                  points="681.18 0 629 0 629 280 797 280 797 231.99 681.18 231.99 681.18 0"
                />
                <path
                  d="M432.36,0h-100.36v280h102.98c19.9,0,38.55-3.41,55.61-10.13,16.72-6.72,31.27-16.39,43.32-28.68,12.05-12.18,21.49-27.09,28.09-44.16,6.71-17.41,10.01-36.31,10.01-56.46,0-40.86-13.42-75.92-38.78-101.64C507.87,13.43,472.96,0,432.36,0ZM518.56,140.57c0,28.11-8.07,51.45-23.54,67.61-15.35,16.16-37.64,24.7-64.48,24.7h-47.6V47.12h44.87c27.86,0,50.83,8.65,66.52,24.81,15.92,16.39,24.22,40.07,24.22,68.63Z"
                />
              </g>
            </svg>
          </a>
        </div>
      </div>
    </div>
    <div>
      <div
        class="ml_auto mr_auto w_100% pl_18px pr_18px mobileWide:pl_medium mobileWide:pr_medium after:content_""! after:d_block! after:clear_both! max-w_1024px"
      >
        <article
          class="ta_center [&_a]:c_text.strong [&_h1]:mt_0"
        >
          <div
            class="mb_medium tablet:mt_xxlarge"
          >
            <img
              alt="Ops, noe gikk galt"
              src="/static/oops.gif"
            />
          </div>
          <h1>
            Ops, noe gikk galt
          </h1>
          <p
            class="textStyle_body.medium mb_medium tablet:mb_xxlarge"
          >
            Beklager, en feil oppstod.
          </p>
          <h2>
            Kom igang:
          </h2>
          <div
            class="mt_3xsmall"
          >
            <a
              class=""
              href="/"
            >
              Gå til forsiden
            </a>
          </div>
        </article>
      </div>
    </div>
    <footer>
      <div
        class="emotion-1"
      >
        <button
          class="d_inline-flex ai_center jc_center gap_xsmall cursor_pointer td_none textStyle_label.medium fw_bold trs-prop_all trs-dur_fast trs-tmf_default ta_center bdr_xsmall ring_none bx-sh-c_stroke.default disabled:cursor_not-allowed disabled:c_text.onAction disabled:bg_surface.disabled disabled:bx-sh-c_surface.disabled disabled:[&_svg]:c_text.onAction disabled:hover:c_text.onAction disabled:hover:bg_surface.disabled focusVisible:bx-sh_inset_0_0_0_3px_var(--shadow-color) c_text.strong bg_surface.default bx-sh_inset_0_0_0_1px_var(--shadow-color) hover:bg_surface.actionSubtle.hover active:bg_surface.actionSubtle.active px_xsmall py_xxsmall min-h_24 emotion-2"
          id="zendesk"
          type="button"
        >
          <svg
            aria-hidden="true"
            class="d_inline-block fill_currentcolor va_middle lh_1em flex-sh_0 w_medium h_medium emotion-3"
            data-icon=""
            data-license="Apache License 2.0"
            data-source="Material Design"
            preserveAspectRatio="xMidYMid meet"
            viewBox="0 0 24 24"
          >
            <path
              d="M0 0h24v24H0z"
              fill="none"
            />
            <path
              d="M11 18h2v-2h-2zm1-16a10 10 0 1 0 0 20 10 10 0 0 0 0-20m0 18a8 8 0 1 1 0-16 8 8 0 0 1 0 16m0-14a4 4 0 0 0-4 4h2c0-1.1.9-2 2-2s2 .9 2 2c0 2-3 1.8-3 5h2c0-2.3 3-2.5 3-5a4 4 0 0 0-4-4"
            />
          </svg>
          Spør NDLA
        </button>
      </div>
      <div
        class="emotion-4 emotion-5"
      >
        <span
          class="emotion-6"
          data-margin="none"
          data-style="h2"
        >
          Sammen skaper vi framtidas læring
        </span>
        <div
          class="emotion-7"
        >
          <div
            class="emotion-8"
          >
            <span
              class="emotion-6"
              data-margin="none"
              data-style="list-title"
              id=":r0:"
            >
              Sosiale medier
            </span>
            <nav>
              <ul
                class="emotion-10"
              >
                <li
                  class="emotion-11"
                >
                  <svg
                    aria-hidden="true"
                    class="d_inline-block fill_currentcolor va_middle lh_1em flex-sh_0 w_medium h_medium"
                    data-icon=""
                    data-license="Apache License 2.0"
                    data-source="Material Design"
                    fill="none"
                    preserveAspectRatio="xMidYMid meet"
                    viewBox="0 0 24 24"
                  >
                    <path
                      clip-rule="evenodd"
                      d="M22 12.06a10 10 0 1 0-11.56 9.88v-6.99H7.9v-2.89h2.54v-2.2c0-2.5 1.49-3.9 3.77-3.9 1.1 0 2.24.2 2.24.2v2.46H15.2c-1.24 0-1.63.77-1.63 1.56v1.88h2.78l-.45 2.9h-2.33v6.98A10 10 0 0 0 22 12.06"
                      fill="currentColor"
                      fill-rule="evenodd"
                    />
                  </svg>
                  <a
                    class="emotion-12"
                    href="https://www.facebook.com/ndla.no"
                    rel="noopener noreferrer"
                    target="_self"
                  >
                    NDLA på Facebook
                  </a>
                </li>
                <li
                  class="emotion-11"
                >
                  <svg
                    aria-hidden="true"
                    class="d_inline-block fill_currentcolor va_middle lh_1em flex-sh_0 w_medium h_medium"
                    data-icon=""
                    data-license="Apache License 2.0"
                    data-name="Instagram"
                    data-source="Material Design Icons"
                    preserveAspectRatio="xMidYMid meet"
                    viewBox="0 0 24 24"
                  >
                    <path
                      d="M7.8 2h8.4C19.4 2 22 4.6 22 7.8v8.4a5.8 5.8 0 0 1-5.8 5.8H7.8A5.8 5.8 0 0 1 2 16.2V7.8A5.8 5.8 0 0 1 7.8 2m-.2 2A3.6 3.6 0 0 0 4 7.6v8.8c0 2 1.6 3.6 3.6 3.6h8.8a3.6 3.6 0 0 0 3.6-3.6V7.6c0-2-1.6-3.6-3.6-3.6zm9.7 1.5a1.3 1.3 0 0 1 1.2 1.3A1.3 1.3 0 0 1 17.2 8 1.3 1.3 0 0 1 16 6.7a1.3 1.3 0 0 1 1.3-1.2M12 7a5 5 0 0 1 5 5 5 5 0 0 1-5 5 5 5 0 0 1-5-5 5 5 0 0 1 5-5m0 2a3 3 0 0 0-3 3 3 3 0 0 0 3 3 3 3 0 0 0 3-3 3 3 0 0 0-3-3"
                      fill="currentColor"
                    />
                  </svg>
                  <a
                    class="emotion-12"
                    href="https://instagram.com/ndla_no/"
                    rel="noopener noreferrer"
                    target="_self"
                  >
                    NDLA på Instagram
                  </a>
                </li>
                <li
                  class="emotion-11"
                >
                  <svg
                    aria-hidden="true"
                    class="d_inline-block fill_currentcolor va_middle lh_1em flex-sh_0 w_medium h_medium"
                    data-icon=""
                    data-license="Apache License 2.0"
                    data-name="LinkedIn"
                    data-source="Material Design Icons"
                    preserveAspectRatio="xMidYMid meet"
                    viewBox="0 0 24 24"
                  >
                    <path
                      d="M19 3a2 2 0 0 1 2 2v14a2 2 0 0 1-2 2H5a2 2 0 0 1-2-2V5a2 2 0 0 1 2-2zm-.5 15.5v-5.3a3.3 3.3 0 0 0-3.3-3.3c-.8 0-1.8.6-2.3 1.3v-1h-2.8v8.3H13v-5c0-.7.6-1.3 1.4-1.3a1.4 1.4 0 0 1 1.4 1.4v4.9h2.8M6.9 8.5A1.7 1.7 0 0 0 8.6 7c0-1-.8-1.7-1.7-1.7A1.7 1.7 0 0 0 5.2 7c0 1 .8 1.7 1.7 1.7m1.4 9.9v-8.4H5.5v8.4z"
                      fill="currentColor"
                    />
                  </svg>
                  <a
                    class="emotion-12"
                    href="https://www.linkedin.com/company/ndla/"
                    rel="noopener noreferrer"
                    target="_self"
                  >
                    NDLA på LinkedIn
                  </a>
                </li>
                <li
                  class="emotion-11"
                >
                  <svg
                    aria-hidden="true"
                    class="d_inline-block fill_currentcolor va_middle lh_1em flex-sh_0 w_medium h_medium"
                    data-icon=""
                    data-license="Apache License 2.0"
                    data-source="Material Design"
                    preserveAspectRatio="xMidYMid meet"
                    viewBox="0 0 256 256"
                    xml:space="preserve"
                  >
                    <defs>
                      <clippath
                        clipPathUnits="userSpaceOnUse"
                        id="a"
                      >
                        <path
                          d="M0 192h192V0H0Z"
                        />
                      </clippath>
                    </defs>
                    <g
                      clip-path="url(#a)"
                      transform="matrix(1.33333 0 0 -1.33333 0 256)"
                    >
                      <path
                        d="M78 69.8v52.4L124 96Zm102.3 68.8a22 22 0 0 1-15.5 15.7C151 158 96 158 96 158s-55 0-68.8-3.7a22 22 0 0 1-15.5-15.7C8 124.8 8 96 8 96s0-28.8 3.7-42.6a22 22 0 0 1 15.5-15.7C41 34 96 34 96 34s55 0 68.8 3.7a22 22 0 0 1 15.5 15.7C184 67.2 184 96 184 96s0 28.8-3.7 42.6"
                      />
                    </g>
                  </svg>
                  <a
                    class="emotion-12"
                    href="https://www.youtube.com/channel/UCBlt6T8B0mmvDh3k5q7EhsA"
                    rel="noopener noreferrer"
                    target="_self"
                  >
                    NDLA på YouTube
                  </a>
                </li>
                <li
                  class="emotion-11"
                >
                  <svg
                    aria-hidden="true"
                    class="d_inline-block fill_currentcolor va_middle lh_1em flex-sh_0 w_medium h_medium"
                    data-icon=""
                    data-license="Apache License 2.0"
                    data-source="Material Design"
                    fill="none"
                    preserveAspectRatio="xMidYMid meet"
                    viewBox="0 0 24 24"
                  >
                    <path
                      d="M4 20c-.55 0-1.02-.2-1.41-.59-.4-.39-.59-.86-.59-1.41V6c0-.55.2-1.02.59-1.41C2.98 4.19 3.45 4 4 4h16c.55 0 1.02.2 1.41.59.4.39.59.86.59 1.41v12c0 .55-.2 1.02-.59 1.41-.39.4-.86.59-1.41.59zm8-7 8-5V6l-8 5-8-5v2z"
                      fill="currentColor"
                    />
                  </svg>
                  <a
                    class="emotion-12"
                    href="https://ndla.us6.list-manage.com/subscribe?u=99d41bbb28de0128915adebed&id=9a1d3ad1ea"
                    rel="noopener noreferrer"
                    target="_self"
                  >
                    Meld deg på vårt nyhetsbrev
                  </a>
                </li>
              </ul>
            </nav>
          </div>
          <div
            class="emotion-21"
          >
            <span
              class="emotion-6"
              data-margin="none"
              data-style="list-title"
              id=":r1:"
            >
              Kontakt
            </span>
            <nav>
              <ul
                class="emotion-10"
              >
                <li
                  class="emotion-11"
                >
                  <a
                    class="emotion-12"
                    href="https://ndla.no/about/om-ndla"
                    rel="noopener noreferrer"
                    target="_self"
                  >
                    Om NDLA
                  </a>
                </li>
                <li
                  class="emotion-11"
                >
                  <a
                    class="emotion-12"
                    href="https://ndla.no/about/about-us"
                    rel="noopener noreferrer"
                    target="_self"
                  >
                    About NDLA
                  </a>
                </li>
                <li
                  class="emotion-11"
                >
                  <a
                    class="emotion-12"
                    href="https://blogg.ndla.no"
                    rel="noopener noreferrer"
                    target="_blank"
                  >
                    Fagblogg
                  </a>
                  <svg
                    aria-hidden="true"
                    class="d_inline-block fill_currentcolor va_middle lh_1em flex-sh_0 w_medium h_medium"
                    data-icon=""
                    data-license="Apache License 2.0"
                    data-source="Material Design"
                    preserveAspectRatio="xMidYMid meet"
                    viewBox="0 0 24 24"
                  >
                    <path
                      d="M0 0h24v24H0z"
                      fill="none"
                    />
                    <path
                      d="M19 19H5V5h7V3H5a2 2 0 0 0-2 2v14c0 1.1.9 2 2 2h14a2 2 0 0 0 2-2v-7h-2zM14 3v2h3.6l-9.8 9.8 1.4 1.4L19 6.4V10h2V3z"
                    />
                  </svg>
                </li>
                <li
                  class="emotion-11"
                >
                  <a
                    class="emotion-12"
                    href="https://blogg.ndla.no/eleverivideregaende/"
                    rel="noopener noreferrer"
                    target="_blank"
                  >
                    Tips til elever
                  </a>
                  <svg
                    aria-hidden="true"
                    class="d_inline-block fill_currentcolor va_middle lh_1em flex-sh_0 w_medium h_medium"
                    data-icon=""
                    data-license="Apache License 2.0"
                    data-source="Material Design"
                    preserveAspectRatio="xMidYMid meet"
                    viewBox="0 0 24 24"
                  >
                    <path
                      d="M0 0h24v24H0z"
                      fill="none"
                    />
                    <path
                      d="M19 19H5V5h7V3H5a2 2 0 0 0-2 2v14c0 1.1.9 2 2 2h14a2 2 0 0 0 2-2v-7h-2zM14 3v2h3.6l-9.8 9.8 1.4 1.4L19 6.4V10h2V3z"
                    />
                  </svg>
                </li>
                <li
                  class="emotion-11"
                >
                  <a
                    class="emotion-12"
                    href="https://ndla.no/about/utlysninger"
                    rel="noopener noreferrer"
                    target="_self"
                  >
                    Ledige stillinger
                  </a>
                </li>
              </ul>
            </nav>
          </div>
          <div
            class="emotion-8"
          >
            <span
              class="emotion-6"
              data-margin="none"
              data-style="list-title"
              id=":r2:"
            >
              Om nettstedet
            </span>
            <nav>
              <ul
                class="emotion-10"
              >
                <li
                  class="emotion-11"
                >
                  <a
                    class="emotion-12"
                    href="https://ndla.no/article/personvernerklaering"
                    rel="noopener noreferrer"
                    target="_self"
                  >
                    Personvernerklæring
                  </a>
                </li>
                <li
                  class="emotion-11"
                >
                  <a
                    class="emotion-12"
                    href="https://ndla.no/article/erklaering-for-informasjonskapsler"
                    rel="noopener noreferrer"
                    target="_self"
                  >
                    Erklæring for informasjonskapsler
                  </a>
                </li>
                <li
                  class="emotion-11"
                >
                  <a
                    class="emotion-12"
                    href="https://uustatus.no/nn/erklaringer/publisert/8cefdf3d-3272-402a-907b-689ddfc9bba7"
                    rel="noopener noreferrer"
                    target="_self"
                  >
                    Tilgjengelighetserklæring
                  </a>
                </li>
              </ul>
            </nav>
          </div>
          <div
            class="emotion-43"
          >
            <p
              class="emotion-44"
            >
              Nettstedet er utarbeidet som åpen kildekode.
            </p>
            <p
              class="emotion-44"
            >
              <strong>
                Ansvarlig redaktør:
              </strong>
               Sigurd Trageton
            </p>
          </div>
        </div>
      </div>
    </footer>
    <div
      class="emotion-46"
    >
      <button
        class="d_inline-flex ai_center jc_center gap_xsmall cursor_pointer td_none textStyle_label.medium fw_bold trs-prop_all trs-dur_fast trs-tmf_default ta_center bdr_xsmall ring_none bx-sh-c_stroke.default disabled:cursor_not-allowed disabled:c_text.onAction disabled:bg_surface.disabled disabled:bx-sh-c_surface.disabled disabled:[&_svg]:c_text.onAction disabled:hover:c_text.onAction disabled:hover:bg_surface.disabled focusVisible:bx-sh_inset_0_0_0_3px_var(--shadow-color) c_text.strong bg_surface.default bx-sh_inset_0_0_0_1px_var(--shadow-color) hover:bg_surface.actionSubtle.hover active:bg_surface.actionSubtle.active px_xsmall py_xxsmall min-h_24"
        id="zendeskButton"
        type="button"
      >
        Spør NDLA
      </button>
    </div>
  </div>
</DocumentFragment>
`;
