// Jest Snapshot v1, https://goo.gl/fbAQLP

exports[`That groupByCurriculums groups competenceGoals by curriculum  1`] = `
Array [
  Object {
    "elements": Array [
      Object {
        "id": "K15502",
        "name": "gjøre rede for argumentasjonen i andres tekster og skrive egne argumenterende tekster på hovedmål og sidemål",
        "text": undefined,
        "url": "",
      },
    ],
    "id": "NOR1-05",
    "title": "Læreplan i norsk (NOR1-05)",
  },
  Object {
    "elements": Array [
      Object {
        "id": "K17637",
        "name": "bruke og vurdere virkemidler og fortellerteknikker i medieuttrykk",
        "text": undefined,
        "url": "",
      },
      Object {
        "id": "K17635",
        "name": "lage budskap tilpasset målgruppe, formål og kanal",
        "text": undefined,
        "url": "",
      },
    ],
    "id": "MOK2-01",
    "title": "Læreplan i medieuttrykk - felles programfag i utdanningsprogram for medier og kommunikasjon (MOK2-01)",
  },
]
`;
