// Jest Snapshot v1, https://goo.gl/fbAQLP

exports[`Document renderers correctly 1`] = `
<html
  lang="nb"
>
  <head>
    <script>
      
        var _mtm = window._mtm = window._mtm || [];
        _mtm.push({'mtm.startTime': (new Date().getTime()), 'event': 'mtm.Start'});
        var d=document, g=d.createElement('script'), s=d.getElementsByTagName('script')[0];
        g.async=true; g.src='https://tall.ndla.no/js/container_sp23zBP7_test_8c894f44539601c6f3ce54df.js'; s.parentNode.insertBefore(g,s);
    </script>
    <meta
      content="IE=edge"
      http-equiv="X-UA-Compatible"
    />
    <meta
      charset="utf-8"
    />
    <meta
      content="width=device-width, initial-scale=1 viewport-fit=cover"
      name="viewport"
    />
    <title
      data-rh="true"
    >
      NDLA test title
    </title>
    <meta
      content="NDLA meta description"
      data-rh="true"
      name="description"
    />
    <link
      href="/main.css"
      rel="stylesheet"
    />
    <link
      href="/static/favicon-test-32x32.png"
      rel="icon"
      sizes="32x32"
      type="image/png"
    />
    <link
      href="/static/favicon-test-16x16.png"
      rel="icon"
      sizes="16x16"
      type="image/png"
    />
    <link
      href="/static/apple-touch-icon-test.png"
      rel="apple-touch-icon"
      sizes="180x180"
      type="image/png"
    />
  </head>
  <body>
    <script>
      
        var _paq = window._paq = window._paq || [];
        _paq.push(['trackPageView']);
        _paq.push(['enableLinkTracking']);
        (function() {
            var u="https://tall.ndla.no/";
            _paq.push(['setTrackerUrl', u+'matomo.php']);
            _paq.push(['setSiteId', '1']);
            var d=document, g=d.createElement('script'), s=d.getElementsByTagName('script')[0];
            g.async=true; g.src=u+'matomo.js'; s.parentNode.insertBefore(g,s);
        })();
    </script>
    <script>
      
            window.dataLayer = window.dataLayer || [];
            window._mtm = window._mtm || [];
            window.originalLocation = { originalLocation: document.location.protocol + '//' + document.location.hostname + document.location.pathname + document.location.search };
            window.dataLayer.push(window.originalLocation);
    </script>
    <script
      type="text/javascript"
    >
      
    window._monsido = window._monsido || {
        token: "o87-2yZyFjFUi_fuV7D4mQ",
        statistics: {
            enabled: true,
            cookieLessTracking: true,
            documentTracking: {
                enabled: false,
                documentCls: "monsido_download",
                documentIgnoreCls: "monsido_ignore_download",
                documentExt: [],
            },
        },
    };

    </script>
    <script
      async=""
      src="https://app-script.monsido.com/v2/monsido-script.js"
      type="text/javascript"
    />
    <div
      id="root"
    >
      REPLACE_ME
    </div>
    <script
      type="text/javascript"
    >
      window.DATA = {}; 
    </script>
    <script
      crossorigin="anonymous"
      defer=""
      src="/client.js"
      type="text/javascript"
    />
    <script
      crossorigin="anonymous"
      defer=""
      src="/vendor.js"
      type="text/javascript"
    />
  </body>
</html>
`;
