// Jest Snapshot v1, https://goo.gl/fbAQLP

exports[`Document renderers correctly 1`] = `
<html
  lang="nb"
>
  <head>
    <meta
      content="IE=edge"
      httpEquiv="X-UA-Compatible"
    />
    <meta
      charSet="utf-8"
    />
    <meta
      content="width=device-width, initial-scale=1"
      name="viewport"
    />
    <link
      href="https://fonts.googleapis.com/css?family=Source+Sans+Pro:300,400,400i,600,700|Source+Serif+Pro:400,700"
      rel="stylesheet"
    />
    
    <title
      data-react-helmet={true}
    >
      NDLA test title
    </title>
    <meta
      content="NDLA meta description"
      data-react-helmet={true}
      name="description"
    />
    <link
      href="/main.css"
      rel="stylesheet"
    />
    <link
      href="/static/ndla-favicon.png"
      rel="shortcut icon"
      type="image/x-icon"
    />
  </head>
  <body>
    <script
      dangerouslySetInnerHTML={
        Object {
          "__html": "
            window.dataLayer = window.dataLayer || [];
            window.originalLocation = { originalLocation: document.location.protocol + '//' + document.location.hostname + document.location.pathname + document.location.search };
            window.dataLayer.push(window.originalLocation);",
        }
      }
    />
    <div
      id="root"
    >
      REPLACE_ME
    </div>
    <script
      dangerouslySetInnerHTML={
        Object {
          "__html": "window.DATA = {}; ",
        }
      }
      type="text/javascript"
    />
    <script
      dangerouslySetInnerHTML={
        Object {
          "__html": "
  var feats = [];
  ('fetch' in window) || feats.push('fetch');('includes' in Array.prototype) || feats.push('Array.prototype.includes');('fill' in Array.prototype) || feats.push('Array.prototype.fill');('open' in document.createElement('details')) || feats.push('details');('assign' in Object) || feats.push('Object.assign');('includes' in String.prototype) || feats.push('String.prototype.includes');('startsWith' in String.prototype) || feats.push('String.prototype.startsWith');('isInteger' in Number.prototype) || feats.push('Number.prototype.isInteger');

  function cs(script, useHead, onLoad) {
    var s = document.createElement('script');
    s.src = script.src;
    s.async = true;
    s.crossorigin = 'anonymous';
    if (onLoad) { s.onload = onLoad; }
    if (useHead) {
      document.head.appendChild(s);
    } else {
      document.body.appendChild(s);
    }
  }

  function _polyfillComplete() {
    var scripts = [{\\"src\\":\\"/client.js\\"},{\\"src\\":\\"/vendor.js\\"}];
    for (var i = 0; i < scripts.length; i++) {
      cs(scripts[i], false);
    }
  }

  if (feats.length) {
    cs({\\"src\\":\\"/polyfill.js\\"}, true, _polyfillComplete);
  } else {
    _polyfillComplete();
  }
  ",
        }
      }
      type="text/javascript"
    />
    <script
      dangerouslySetInnerHTML={
        Object {
          "__html": "window.twttr = (function (d, s, id) {
            var js, fjs = d.getElementsByTagName(s)[0],
              t = window.twttr || {};
            if (d.getElementById(id)) return t;
            js = d.createElement(s);
            js.id = id;
            js.src = \\"https://platform.twitter.com/widgets.js\\";
            fjs.parentNode.insertBefore(js, fjs);
            t._e = [];
            t.ready = function (f) {
              t._e.push(f);
            };
            return t;
          }(document, \\"script\\", \\"twitter-wjs\\")); ",
        }
      }
    />
  </body>
</html>
`;
