// Jest Snapshot v1, https://goo.gl/fbAQLP

exports[`IframeArticlePage with article renderers correctly 1`] = `
.emotion-0 {
  display: inline-block;
  color: #ffffff;
  background-color: #20588f;
  border: 2px solid #20588f;
  border-radius: 4px;
  padding: 4px 13px;
  outline-width: 0;
  cursor: pointer;
  -webkit-text-decoration: none;
  text-decoration: none;
  font-size: 16px;
  font-size: 0.8888888888888888rem;
  line-height: 1.625;
  font-family: 'Source Sans Pro',Helvetica,Arial,STKaiti,'华文楷体',KaiTi,SimKai,'楷体',KaiU,DFKai-SB,'標楷體',SongTi,'宋体',sans-serif;
  font-weight: 700;
  -webkit-transition: all .2s cubic-bezier(0.17,0.04,0.03,0.94);
  transition: all .2s cubic-bezier(0.17,0.04,0.03,0.94);
  box-shadow: none;
  text-align: center;
  font-size: 12px;
  font-size: 0.6666666666666666rem;
  line-height: 15px;
  background-color: #deebf6;
  border: none;
  color: #20588f;
  font-weight: 600;
  position: absolute;
  z-index: 9;
  right: 0;
  top: 0;
  display: none;
}

.emotion-0:hover,
.emotion-0:focus {
  color: white;
  background-color: #184673;
  border: 2px solid rgba(32,88,143,0);
  -webkit-transform: translateY(1px) translateX(1px);
  -ms-transform: translateY(1px) translateX(1px);
  transform: translateY(1px) translateX(1px);
}

.emotion-0:active {
  -webkit-transform: translateY(2px) translateX(2px);
  -ms-transform: translateY(2px) translateX(2px);
  transform: translateY(2px) translateX(2px);
}

.emotion-0[disabled] {
  color: #777777;
  background-color: #e6e6e6;
  border-color: transparent;
  cursor: not-allowed;
  -webkit-transform: translateY(0) translateX(0);
  -ms-transform: translateY(0) translateX(0);
  transform: translateY(0) translateX(0);
}

.emotion-0:focus {
  box-shadow: 0 0 2px #20588f;
}

.emotion-0:hover,
.emotion-0:focus,
.emotion-0:active {
  border: none;
  background: #20588f;
}

@media (min-width:61.3125em) {
  .emotion-0 {
    display: block;
  }
}

.emotion-2 {
  display: inline-block;
  color: #ffffff;
  background-color: #20588f;
  border: 2px solid #20588f;
  border-radius: 4px;
  padding: 4px 13px;
  outline-width: 0;
  cursor: pointer;
  -webkit-text-decoration: none;
  text-decoration: none;
  font-size: 16px;
  font-size: 0.8888888888888888rem;
  line-height: 1.625;
  font-family: 'Source Sans Pro',Helvetica,Arial,STKaiti,'华文楷体',KaiTi,SimKai,'楷体',KaiU,DFKai-SB,'標楷體',SongTi,'宋体',sans-serif;
  font-weight: 700;
  -webkit-transition: all .2s cubic-bezier(0.17,0.04,0.03,0.94);
  transition: all .2s cubic-bezier(0.17,0.04,0.03,0.94);
  box-shadow: none;
  text-align: center;
  -webkit-transition: background-color none;
  transition: background-color none;
  padding: 0;
  border-radius: 0;
  color: inherit;
  font-size: inherit;
  background-color: transparent;
  box-shadow: none;
  border: none;
  font-weight: 400;
  font-size: inherit;
  line-height: inherit;
  color: #20588f;
  box-shadow: inset 0 -1px;
}

.emotion-2:hover,
.emotion-2:focus {
  color: white;
  background-color: #184673;
  border: 2px solid rgba(32,88,143,0);
  -webkit-transform: translateY(1px) translateX(1px);
  -ms-transform: translateY(1px) translateX(1px);
  transform: translateY(1px) translateX(1px);
}

.emotion-2:active {
  -webkit-transform: translateY(2px) translateX(2px);
  -ms-transform: translateY(2px) translateX(2px);
  transform: translateY(2px) translateX(2px);
}

.emotion-2[disabled] {
  color: #777777;
  background-color: #e6e6e6;
  border-color: transparent;
  cursor: not-allowed;
  -webkit-transform: translateY(0) translateX(0);
  -ms-transform: translateY(0) translateX(0);
  transform: translateY(0) translateX(0);
}

.emotion-2:focus {
  box-shadow: 0 0 2px #20588f;
}

.emotion-2:hover,
.emotion-2:active,
.emotion-2:disabled,
.emotion-2:focus {
  box-shadow: none;
  color: #20588f;
  background-color: transparent;
  -webkit-transform: none;
  -ms-transform: none;
  transform: none;
  border: none;
}

.emotion-2:focus {
  outline-width: medium;
}

.emotion-2:hover,
.emotion-2:focus {
  box-shadow: none;
}

.emotion-4 {
  display: inline-block;
  color: #ffffff;
  background-color: #20588f;
  border: 2px solid #20588f;
  border-radius: 4px;
  padding: 4px 13px;
  outline-width: 0;
  cursor: pointer;
  -webkit-text-decoration: none;
  text-decoration: none;
  font-size: 16px;
  font-size: 0.8888888888888888rem;
  line-height: 1.625;
  font-family: 'Source Sans Pro',Helvetica,Arial,STKaiti,'华文楷体',KaiTi,SimKai,'楷体',KaiU,DFKai-SB,'標楷體',SongTi,'宋体',sans-serif;
  font-weight: 700;
  -webkit-transition: all .2s cubic-bezier(0.17,0.04,0.03,0.94);
  transition: all .2s cubic-bezier(0.17,0.04,0.03,0.94);
  box-shadow: none;
  text-align: center;
  font-size: 12px;
  font-size: 0.6666666666666666rem;
  line-height: 15px;
  background-color: #deebf6;
  border: none;
  color: #20588f;
  font-weight: 600;
}

.emotion-4:hover,
.emotion-4:focus {
  color: white;
  background-color: #184673;
  border: 2px solid rgba(32,88,143,0);
  -webkit-transform: translateY(1px) translateX(1px);
  -ms-transform: translateY(1px) translateX(1px);
  transform: translateY(1px) translateX(1px);
}

.emotion-4:active {
  -webkit-transform: translateY(2px) translateX(2px);
  -ms-transform: translateY(2px) translateX(2px);
  transform: translateY(2px) translateX(2px);
}

.emotion-4[disabled] {
  color: #777777;
  background-color: #e6e6e6;
  border-color: transparent;
  cursor: not-allowed;
  -webkit-transform: translateY(0) translateX(0);
  -ms-transform: translateY(0) translateX(0);
  transform: translateY(0) translateX(0);
}

.emotion-4:focus {
  box-shadow: 0 0 2px #20588f;
}

.emotion-4:hover,
.emotion-4:focus,
.emotion-4:active {
  border: none;
  background: #20588f;
}

@media (min-width:61.3125em) {
  .emotion-4 {
    display: none;
  }
}

.emotion-6 {
  border: calc(52px / 6.5) solid rgba(0,0,0,0.1);
  border-bottom-color: #20588f;
  border-radius: 50%;
  -webkit-animation: spinnerAnimation 0.7s linear infinite;
  animation: spinnerAnimation 0.7s linear infinite;
  height: 52px;
  width: 52px;
  display: block;
  margin: 26px auto;
}

<div
  className="o-container"
>
  <div
    className="o-wrapper undefined"
  >
    <article
      className="c-article c-article--clean c-article--iframe"
    >
      <section
        className="u-4/6@desktop u-push-1/6@desktop u-10/12@tablet u-push-1/12@tablet"
      >
        <div
          className="c-article__header"
        >
          <button
            className="emotion-0 emotion-1"
            disabled={false}
            onClick={[Function]}
            type="button"
          >
            Vis kompetansemål
          </button>
          <div
            className="c-article__title"
          >
            <h1>
              Politiske skillelinjer
            </h1>
          </div>
          <p
            className="article_introduction"
            dangerouslySetInnerHTML={
              Object {
                "__html": "Politiske skillelinjer, eller konfliktlinjer, er varige og grunnleggende motsetninger i samfunnet og blant velgerne. Du synes kanskje det er vanskelig å se forskjell på de politiske partiene – det er du i så fall ikke alene om!",
              }
            }
          />
          <div
            className="c-article-byline"
          >
            <span
              className="c-article-byline__flex"
            >
              <span
                className="c-article-byline__icon"
              >
                <svg
                  className="c-icon"
                  data-license="Apache License 2.0"
                  data-source="Material Design"
                  fill="currentColor"
                  height="1em"
                  preserveAspectRatio="xMidYMid meet"
                  style={
                    Object {
                      "color": undefined,
                      "verticalAlign": "middle",
                    }
                  }
                  viewBox="0 0 48 48"
                  width="1em"
                >
                  <title>
                    User
                  </title>
                  <g>
                    <path
                      d="M24 24c4.42 0 8-3.59 8-8 0-4.42-3.58-8-8-8s-8 3.58-8 8c0 4.41 3.58 8 8 8zm0 4c-5.33 0-16 2.67-16 8v4h32v-4c0-5.33-10.67-8-16-8z"
                    />
                  </g>
                </svg>
              </span>
              <span
                className="c-article-byline__authors"
              >
                Someone
              </span>
              <span>
                 (CC BY-SA)
              </span>
            </span>
            <span
              className="c-article-byline__flex"
            >
              <span
                className="c-article-byline__icon"
              >
                <svg
                  className="c-icon"
                  data-license="Apache License 2.0"
                  data-source="Material Design"
                  fill="currentColor"
                  height="1em"
                  preserveAspectRatio="xMidYMid meet"
                  style={
                    Object {
                      "color": undefined,
                      "verticalAlign": "middle",
                    }
                  }
                  viewBox="0 0 48 48"
                  width="1em"
                >
                  <title>
                    Time
                  </title>
                  <g>
                    <path
                      d="M23.99 4C12.94 4 4 12.95 4 24s8.94 20 19.99 20C35.04 44 44 35.05 44 24S35.04 4 23.99 4zM24 40c-8.84 0-16-7.16-16-16S15.16 8 24 8s16 7.16 16 16-7.16 16-16 16zm1-26h-3v12l10.49 6.3L34 29.84l-9-5.34z"
                    />
                  </g>
                </svg>
              </span>
              <span
                className="c-article-byline__date"
              >
                Sist oppdatert
                 
                09.01.2018
              </span>
            </span>
            <span
              className="c-article-byline__flex"
            >
              <button
                className="emotion-2 emotion-1"
                disabled={false}
                onClick={[Function]}
                type="button"
              >
                Bruk innhold
              </button>
            </span>
          </div>
          <button
            className="emotion-4 emotion-1"
            disabled={false}
            onClick={[Function]}
            type="button"
          >
            Vis kompetansemål
          </button>
          <div
            className="emotion-6 emotion-7"
            size="large"
          />
        </div>
      </section>
      <section
        className="u-4/6@desktop u-push-1/6@desktop u-10/12@tablet u-push-1/12@tablet"
      >
        <div
          dangerouslySetInnerHTML={
            Object {
              "__html": "<section><p>Dersom du leser de ulike partiprogrammene, ser du fort at partiene har ulike svar både på hva som er viktige utfordringer, og på hvordan de skal løses.</p></section>",
            }
          }
        />
      </section>
      <section
        className="u-4/6@desktop u-push-1/6@desktop u-10/12@tablet u-push-1/12@tablet"
      />
      <section
        className="u-10/12@desktop u-push-1/12@desktop u-10/12@tablet u-push-1/12@tablet"
      >
        <a
          className="article-old-ndla-link"
          href="//red.ndla.no/node/168554"
          rel="noopener noreferrer"
          target="_blank"
        >
          Gå til orginal artikkel
        </a>
      </section>
    </article>
  </div>
</div>
`;

exports[`IframePage with article displays error message on status === error 1`] = `
.emotion-4 {
  text-align: center;
}

.emotion-4 a {
  color: #20588f;
}

.emotion-4 h1 {
  margin-top: 0;
}

.emotion-0 {
  margin-bottom: 26px;
}

@media (min-width:37.5625em) {
  .emotion-0 {
    margin-top: 52px;
  }
}

.emotion-2 {
  margin-bottom: 26px;
}

@media (min-width:37.5625em) {
  .emotion-2 {
    margin-bottom: 52px;
  }
}

<div
  className="o-container"
>
  <div
    className="o-wrapper o-wrapper--clear undefined"
  >
    <article
      className="emotion-4 emotion-5"
    >
      <img
        alt="Ops, noe gikk galt"
        className="emotion-0 emotion-1"
        src="/static/oops.gif"
      />
      <h1>
        Ops, noe gikk galt
      </h1>
      <p
        className="emotion-2 emotion-3"
      >
        Beklager, en feil oppsto.
      </p>
    </article>
  </div>
</div>
`;
